../Core/Src/display_7seg.c:47:6:display_init	8	static
../Core/Src/display_7seg.c:63:6:update_display_buffer_road1	16	static
../Core/Src/display_7seg.c:69:6:update_display_buffer_road2	16	static
../Core/Src/display_7seg.c:75:13:write_segment_road1	16	static
../Core/Src/display_7seg.c:86:13:write_segment_road2	16	static
../Core/Src/display_7seg.c:97:6:display_scan	16	static
../Core/Src/display_7seg.c:136:6:display_number_road1	16	static
../Core/Src/display_7seg.c:140:6:display_number_road2	16	static
../Core/Src/display_7seg.c:144:6:display_dash_both_roads	4	static
