../Core/Src/display_7seg.c:40:6:display_init	8	static
../Core/Src/display_7seg.c:56:6:update_display_buffer_road1	16	static
../Core/Src/display_7seg.c:62:6:update_display_buffer_road2	16	static
../Core/Src/display_7seg.c:68:13:write_segment_road1	16	static
../Core/Src/display_7seg.c:79:13:write_segment_road2	16	static
../Core/Src/display_7seg.c:90:6:display_scan	16	static
../Core/Src/display_7seg.c:132:6:display_number_road1	16	static
../Core/Src/display_7seg.c:136:6:display_number_road2	16	static
../Core/Src/display_7seg.c:140:6:display_dash_both_roads	4	static
