../Core/Src/main.c:89:6:blinkLED_SYS	1
../Core/Src/main.c:96:6:blinkPin_1	1
../Core/Src/main.c:104:6:blinkPin_2	1
../Core/Src/main.c:111:6:blinkPin_3	1
../Core/Src/main.c:118:6:blinkPin_4	1
../Core/Src/main.c:125:6:blinkPin_5	1
../Core/Src/main.c:132:6:blinkPin_6	1
../Core/Src/main.c:139:6:blinkPin_7	1
../Core/Src/main.c:146:6:display7SEG	1
../Core/Src/main.c:178:5:main	1
../Core/Src/main.c:286:6:SystemClock_Config	3
../Core/Src/main.c:323:13:MX_TIM2_Init	4
../Core/Src/main.c:368:13:MX_GPIO_Init	1
../Core/Src/main.c:430:6:Error_Handler	1
