../Core/Src/main.c:89:6:blinkLED_SYS	8	static
../Core/Src/main.c:96:6:blinkPin_1	8	static
../Core/Src/main.c:104:6:blinkPin_2	8	static
../Core/Src/main.c:111:6:blinkPin_3	8	static
../Core/Src/main.c:118:6:blinkPin_4	8	static
../Core/Src/main.c:125:6:blinkPin_5	8	static
../Core/Src/main.c:132:6:blinkPin_6	8	static
../Core/Src/main.c:139:6:blinkPin_7	8	static
../Core/Src/main.c:146:6:display7SEG	32	static
../Core/Src/main.c:178:5:main	8	static
../Core/Src/main.c:286:6:SystemClock_Config	72	static
../Core/Src/main.c:323:13:MX_TIM2_Init	32	static
../Core/Src/main.c:368:13:MX_GPIO_Init	32	static
../Core/Src/main.c:430:6:Error_Handler	4	static,ignoring_inline_asm
