../Core/Src/main.c:101:6:blinkLED_SYS	8	static
../Core/Src/main.c:108:6:blinkPin_1	8	static
../Core/Src/main.c:116:6:blinkPin_2	8	static
../Core/Src/main.c:123:6:blinkPin_3	8	static
../Core/Src/main.c:130:6:blinkPin_4	8	static
../Core/Src/main.c:137:6:blinkPin_5	8	static
../Core/Src/main.c:144:6:blinkPin_6	8	static
../Core/Src/main.c:151:6:blinkPin_7	8	static
../Core/Src/main.c:158:6:display7SEG	32	static
../Core/Src/main.c:188:6:oneshot_startup	8	static
../Core/Src/main.c:195:6:oneshot_delete_task1	8	static
../Core/Src/main.c:205:6:oneshot_delete_task7	8	static
../Core/Src/main.c:215:6:oneshot_final_cleanup	8	static
../Core/Src/main.c:246:5:main	8	static,ignoring_inline_asm
../Core/Src/main.c:365:6:SystemClock_Config	72	static
../Core/Src/main.c:402:13:MX_TIM2_Init	32	static
../Core/Src/main.c:447:13:MX_GPIO_Init	32	static
../Core/Src/main.c:509:6:Error_Handler	4	static,ignoring_inline_asm
