../Core/Src/main.c:175:6:delay	16	static
../Core/Src/main.c:179:6:togglePin	24	static
../Core/Src/main.c:188:6:toggleSeg	40	static
../Core/Src/main.c:201:6:blinkLED_SYS	8	static
../Core/Src/main.c:210:5:main	8	static
../Core/Src/main.c:255:6:SystemClock_Config	72	static
../Core/Src/main.c:292:13:MX_TIM2_Init	32	static
../Core/Src/main.c:337:13:MX_GPIO_Init	32	static
../Core/Src/main.c:393:6:HAL_TIM_PeriodElapsedCallback	16	static
../Core/Src/main.c:406:6:Error_Handler	4	static,ignoring_inline_asm
